C51 COMPILER V9.60.7.0   MODBUS_RTU                                                        03/20/2025 16:02:27 PAGE 1   


C51 COMPILER V9.60.7.0, COMPILATION OF MODULE MODBUS_RTU
OBJECT MODULE PLACED IN ..\Output\modbus_rtu.obj
COMPILER INVOKED BY: D:\APP\Keil_v5\C51\BIN\C51.EXE ..\Emembed\Src\modbus_rtu.c LARGE OPTIMIZE(8,SPEED) BROWSE INCDIR(..
                    -\BSP\Inc;..\Core\Inc;..\Drivers;..\Middlewares;..\Emembed\Inc;..\SYSTEM\Inc) DEBUG OBJECTEXTEND PRINT(.\Listings\modbus_
                    -rtu.lst) OBJECT(..\Output\modbus_rtu.obj)

line level    source

   1          #include "modbus_rtu.h"
   2          
   3          /**
   4           * @brief       modbus_rtu  无奇偶校验
   5           *
   6           * @param   void
   7           *
   8           * @return  void 
   9          **/
  10          void Modbus_Event( void )
  11          {
  12   1          // /*1.接收完毕                                           */
  13   1          // if( rs485.RX_rev_end_Flag == 1 )
  14   1          // {
  15   1          //     //printf("here \r\n");
  16   1          //     /*2.清空接收完毕标志位                              */    
  17   1          //     rs485.RX_rev_end_Flag = 0;
  18   1      
  19   1          //     /*3.清空接收计数                                    */
  20   1          //     rs485.RX_rev_cnt = 0; 
  21   1      
  22   1          //     /*4.地址域校验通过，进入相应功能函数进行处理      */
  23   1          //     if( rs485.RX_buf[0] == MY_ADDR )
  24   1          //     {
  25   1          //         eeprom.stop_time  = rs485.RX_buf[1];
  26   1          //         eeprom.delay_time = rs485.RX_buf[2];
  27   1          //         eeprom_data_record();
  28   1      
  29   1          //         level.motor_stop_time  = eeprom.stop_time  * 100;
  30   1          //         level.motor_delay_time = eeprom.delay_time * 100;
  31   1                  
  32   1          //         rs485.TX_buf[0] = 0xAA;
  33   1          //         rs485.TX_buf[1] = 0xCC;
  34   1          //         rs485.TX_send_bytelength = 2;
  35   1          //         TI = 1;
  36   1          //         //printf("here2 \r\n");
  37   1          //     }
  38   1          // }
  39   1      }


MODULE INFORMATION:   STATIC OVERLAYABLE
   CODE SIZE        =      1    ----
   CONSTANT SIZE    =   ----    ----
   XDATA SIZE       =   ----    ----
   PDATA SIZE       =   ----    ----
   DATA SIZE        =   ----    ----
   IDATA SIZE       =   ----    ----
   BIT SIZE         =   ----    ----
END OF MODULE INFORMATION.


C51 COMPILATION COMPLETE.  0 WARNING(S),  0 ERROR(S)
